// Jest Snapshot v1, https://goo.gl/fbAQLP

exports[`Credit card Page: match snapshot 1`] = `ReactWrapper {}`;
